Microsoft (R) Macro Assembler Version 14.28.29915.0	    05/27/21 18:40:47
StrLowerLib.asm						     Page 1 - 1


					.386
					.MODEL flat, C

					.STACK 2560

 00000000				.DATA

 00000000  0000000A [			temCad DWORD 10 DUP (0)
	    00000000
	   ]

 00000000				.CODE

					; Funcion que conbvierte una cadena a mayusuclas
					; int* StrUpper(char *cad)
 00000000			StrLower PROC, pCad:DWORD

 00000003  51				PUSH ECX
 00000004  56				PUSH ESI
					
 00000005  B9 00000000			MOV ECX, 0				; i = 0
 0000000A  8B 75 08			MOV ESI, [pCad]			; apuntar (p) al primer elemento de pCad[0] (ESI <-- [pCad])

 0000000D			Ini_For:

 0000000D  8A 06			MOV AL, [ESI]			; leemos el primer caracter de la cadena AL<--pCad[i]
 0000000F  3C 00			CMP AL, 0				; AL - 0 (resta)
 00000011  74 09			JE	Fin_For				; Si z = 0, entonces ya se acabo la cadena, por lo que saltamos a Fin_For  
					; SI Z /= 0, entonces entramos al cuerpo del for.
 00000013  04 20			ADD AL, 20h				; 20h = 32 decimal
 00000015  88 06			MOV [ESI], AL			; pCad[i] = AL su equivalente en mayuscula
 00000017  47				INC EDI					; incremetntamos el apuntador pCad
 00000018  41				INC ECX					; i <-- i + 1
 00000019  46				INC ESI					; movemos el apuntador (p)
 0000001A  EB F1			JMP Ini_For				; volvemos a realizar otro ciclo, hasta que z = 1 

 0000001C			Fin_For:
					;MOV EAX, [pCad]			; return pCad  
					
 0000001C  5E				POP ESI
 0000001D  59				POP ECX
					
					RET 

 00000020			StrLower ENDP

					END
Microsoft (R) Macro Assembler Version 14.28.29915.0	    05/27/21 18:40:47
StrLowerLib.asm						     Symbols 2 - 1




Segments and Groups:

                N a m e                 Size     Length   Align   Combine Class

FLAT . . . . . . . . . . . . . .	GROUP
STACK  . . . . . . . . . . . . .	32 Bit	 00000A00 DWord	  Stack	  'STACK'	 
_DATA  . . . . . . . . . . . . .	32 Bit	 00000028 DWord	  Public  'DATA'	
_TEXT  . . . . . . . . . . . . .	32 Bit	 00000020 DWord	  Public  'CODE'	


Procedures, parameters, and locals:

                N a m e                 Type     Value    Attr

StrLower . . . . . . . . . . . .	P Near	 00000000 _TEXT	Length= 00000020 Public C
  pCad . . . . . . . . . . . . .	DWord	 bp + 00000008
  Ini_For  . . . . . . . . . . .	L Near	 0000000D _TEXT	
  Fin_For  . . . . . . . . . . .	L Near	 0000001C _TEXT	


Symbols:

                N a m e                 Type     Value    Attr

@CodeSize  . . . . . . . . . . .	Number	 00000000h   
@DataSize  . . . . . . . . . . .	Number	 00000000h   
@Interface . . . . . . . . . . .	Number	 00000001h   
@Model . . . . . . . . . . . . .	Number	 00000007h   
@code  . . . . . . . . . . . . .	Text   	 _TEXT
@data  . . . . . . . . . . . . .	Text   	 FLAT
@fardata?  . . . . . . . . . . .	Text   	 FLAT
@fardata . . . . . . . . . . . .	Text   	 FLAT
@stack . . . . . . . . . . . . .	Text   	 FLAT
temCad . . . . . . . . . . . . .	DWord	 00000000 _DATA	

	   0 Warnings
	   0 Errors
